Build started 4/6/2026 11:27:50 PM.
     1>Project "C:\Users\abdalla\Desktop\Fitness-tracker\FitnessTracker.csproj" on node 1 (Restore target(s)).
     1>_GetAllRestoreProjectPathItems:
         Determining projects to restore...
       Restore:
         X.509 certificate chain validation will use the default trust store selected by .NET for code signing.
         X.509 certificate chain validation will use the default trust store selected by .NET for timestamping.
     1>C:\Users\abdalla\Desktop\Fitness-tracker\FitnessTracker.csproj : warning NU1701: Package 'OpenTK 3.3.1' was restored using '.NETFramework,Version=v4.6.1, .NETFramework,Version=v4.6.2, .NETFramework,Version=v4.7, .NETFramework,Version=v4.7.1, .NETFramework,Version=v4.7.2, .NETFramework,Version=v4.8, .NETFramework,Version=v4.8.1' instead of the project target framework 'net8.0-windows7.0'. This package may not be fully compatible with your project.
     1>C:\Users\abdalla\Desktop\Fitness-tracker\FitnessTracker.csproj : warning NU1701: Package 'OpenTK.GLWpfControl 3.3.0' was restored using '.NETFramework,Version=v4.6.1, .NETFramework,Version=v4.6.2, .NETFramework,Version=v4.7, .NETFramework,Version=v4.7.1, .NETFramework,Version=v4.7.2, .NETFramework,Version=v4.8, .NETFramework,Version=v4.8.1' instead of the project target framework 'net8.0-windows7.0'. This package may not be fully compatible with your project.
     1>C:\Users\abdalla\Desktop\Fitness-tracker\FitnessTracker.csproj : warning NU1701: Package 'SkiaSharp.Views.WPF 3.119.0' was restored using '.NETFramework,Version=v4.6.1, .NETFramework,Version=v4.6.2, .NETFramework,Version=v4.7, .NETFramework,Version=v4.7.1, .NETFramework,Version=v4.7.2, .NETFramework,Version=v4.8, .NETFramework,Version=v4.8.1' instead of the project target framework 'net8.0-windows7.0'. This package may not be fully compatible with your project.
         Assets file has not changed. Skipping assets file writing. Path: C:\Users\abdalla\Desktop\Fitness-tracker\obj\project.assets.json
         Restored C:\Users\abdalla\Desktop\Fitness-tracker\FitnessTracker.csproj (in 530 ms).
         
         NuGet Config files used:
             C:\Users\abdalla\AppData\Roaming\NuGet\NuGet.Config
             C:\Program Files (x86)\NuGet\Config\Microsoft.VisualStudio.Offline.config
         
         Feeds used:
             https://api.nuget.org/v3/index.json
             C:\Program Files (x86)\Microsoft SDKs\NuGetPackages\
         All projects are up-to-date for restore.
     1>Done Building Project "C:\Users\abdalla\Desktop\Fitness-tracker\FitnessTracker.csproj" (Restore target(s)).
   1:7>Project "C:\Users\abdalla\Desktop\Fitness-tracker\FitnessTracker.csproj" on node 1 (default targets).
     1>C:\Users\abdalla\Desktop\Fitness-tracker\FitnessTracker.csproj : warning NU1701: Package 'OpenTK 3.3.1' was restored using '.NETFramework,Version=v4.6.1, .NETFramework,Version=v4.6.2, .NETFramework,Version=v4.7, .NETFramework,Version=v4.7.1, .NETFramework,Version=v4.7.2, .NETFramework,Version=v4.8, .NETFramework,Version=v4.8.1' instead of the project target framework 'net8.0-windows7.0'. This package may not be fully compatible with your project.
     1>C:\Users\abdalla\Desktop\Fitness-tracker\FitnessTracker.csproj : warning NU1701: Package 'OpenTK.GLWpfControl 3.3.0' was restored using '.NETFramework,Version=v4.6.1, .NETFramework,Version=v4.6.2, .NETFramework,Version=v4.7, .NETFramework,Version=v4.7.1, .NETFramework,Version=v4.7.2, .NETFramework,Version=v4.8, .NETFramework,Version=v4.8.1' instead of the project target framework 'net8.0-windows7.0'. This package may not be fully compatible with your project.
     1>C:\Users\abdalla\Desktop\Fitness-tracker\FitnessTracker.csproj : warning NU1701: Package 'SkiaSharp.Views.WPF 3.119.0' was restored using '.NETFramework,Version=v4.6.1, .NETFramework,Version=v4.6.2, .NETFramework,Version=v4.7, .NETFramework,Version=v4.7.1, .NETFramework,Version=v4.7.2, .NETFramework,Version=v4.8, .NETFramework,Version=v4.8.1' instead of the project target framework 'net8.0-windows7.0'. This package may not be fully compatible with your project.
     1>GenerateTemporaryTargetAssembly:
         Copying file from "C:\Users\abdalla\Desktop\Fitness-tracker\obj\FitnessTracker.csproj.nuget.g.props" to "C:\Users\abdalla\Desktop\Fitness-tracker\obj\FitnessTracker_kxmkq5fg_wpftmp.csproj.nuget.g.props".
         Copying file from "C:\Users\abdalla\Desktop\Fitness-tracker\obj\FitnessTracker.csproj.nuget.g.targets" to "C:\Users\abdalla\Desktop\Fitness-tracker\obj\FitnessTracker_kxmkq5fg_wpftmp.csproj.nuget.g.targets".
         Copying file from "C:\Users\abdalla\Desktop\Fitness-tracker\obj\FitnessTracker.csproj.nuget.dgspec.json" to "C:\Users\abdalla\Desktop\Fitness-tracker\obj\FitnessTracker_kxmkq5fg_wpftmp.csproj.nuget.dgspec.json".
   1:7>Project "C:\Users\abdalla\Desktop\Fitness-tracker\FitnessTracker.csproj" (1:7) is building "C:\Users\abdalla\Desktop\Fitness-tracker\FitnessTracker_kxmkq5fg_wpftmp.csproj" (2) on node 1 (_CompileTemporaryAssembly target(s)).
     2>C:\Users\abdalla\Desktop\Fitness-tracker\FitnessTracker_kxmkq5fg_wpftmp.csproj : warning NU1701: Package 'OpenTK 3.3.1' was restored using '.NETFramework,Version=v4.6.1, .NETFramework,Version=v4.6.2, .NETFramework,Version=v4.7, .NETFramework,Version=v4.7.1, .NETFramework,Version=v4.7.2, .NETFramework,Version=v4.8, .NETFramework,Version=v4.8.1' instead of the project target framework 'net8.0-windows7.0'. This package may not be fully compatible with your project.
     2>C:\Users\abdalla\Desktop\Fitness-tracker\FitnessTracker_kxmkq5fg_wpftmp.csproj : warning NU1701: Package 'OpenTK.GLWpfControl 3.3.0' was restored using '.NETFramework,Version=v4.6.1, .NETFramework,Version=v4.6.2, .NETFramework,Version=v4.7, .NETFramework,Version=v4.7.1, .NETFramework,Version=v4.7.2, .NETFramework,Version=v4.8, .NETFramework,Version=v4.8.1' instead of the project target framework 'net8.0-windows7.0'. This package may not be fully compatible with your project.
     2>C:\Users\abdalla\Desktop\Fitness-tracker\FitnessTracker_kxmkq5fg_wpftmp.csproj : warning NU1701: Package 'SkiaSharp.Views.WPF 3.119.0' was restored using '.NETFramework,Version=v4.6.1, .NETFramework,Version=v4.6.2, .NETFramework,Version=v4.7, .NETFramework,Version=v4.7.1, .NETFramework,Version=v4.7.2, .NETFramework,Version=v4.8, .NETFramework,Version=v4.8.1' instead of the project target framework 'net8.0-windows7.0'. This package may not be fully compatible with your project.
     2>GenerateTargetFrameworkMonikerAttribute:
       Skipping target "GenerateTargetFrameworkMonikerAttribute" because all output files are up-to-date with respect to the input files.
       _GenerateSourceLinkFile:
         Updating Source Link file 'obj\Debug\net8.0-windows\FitnessTracker_kxmkq5fg_wpftmp.sourcelink.json'.
       CoreCompile:
         Setting DOTNET_ROOT to 'C:\Program Files\dotnet'
         C:\Program Files\dotnet\sdk\10.0.201\Roslyn\bincore\csc.exe /noconfig /unsafe- /checked- /nowarn:1701,1702,1701,1702,8002 /fullpaths /nostdlib+ /errorreport:prompt /warn:8 /define:TRACE;DEBUG;NET;NET8_0;NETCOREAPP;WINDOWS;WINDOWS7_0;NET5_0_OR_GREATER;NET6_0_OR_GREATER;NET7_0_OR_GREATER;NET8_0_OR_GREATER;NETCOREAPP3_0_OR_GREATER;NETCOREAPP3_1_OR_GREATER;WINDOWS7_0_OR_GREATER /highentropyva+ /nullable:enable /reference:C:\Users\abdalla\.nuget\packages\microsoft.windowsdesktop.app.ref\8.0.25\ref\net8.0\Accessibility.dll /reference:C:\Users\abdalla\.nuget\packages\opentk.glwpfcontrol\3.3.0\lib\net452\GLWpfControl.dll /reference:C:\Users\abdalla\.nuget\packages\harfbuzzsharp\8.3.1.1\lib\net8.0\HarfBuzzSharp.dll /reference:C:\Users\abdalla\.nuget\packages\livechartscore\2.0.0\lib\net8.0-windows7.0\LiveChartsCore.dll /reference:C:\Users\abdalla\.nuget\packages\livechartscore.skiasharpview\2.0.0\lib\net8.0-windows7.0\LiveChartsCore.SkiaSharpView.dll /reference:C:\Users\abdalla\.nuget\packages\livechartscore.skiasharpview.wpf\2.0.0\lib\net8.0-windows7.0\LiveChartsCore.SkiaSharpView.WPF.dll /reference:C:\Users\abdalla\.nuget\packages\materialdesigncolors\5.3.1\lib\net8.0-windows7.0\MaterialDesignColors.dll /reference:C:\Users\abdalla\.nuget\packages\materialdesignthemes\5.3.1\lib\net8.0-windows7.0\MaterialDesignThemes.Wpf.dll /reference:C:\Users\abdalla\.nuget\packages\microsoft.netcore.app.ref\8.0.25\ref\net8.0\Microsoft.CSharp.dll /reference:C:\Users\abdalla\.nuget\packages\microsoft.netcore.app.ref\8.0.25\ref\net8.0\Microsoft.VisualBasic.Core.dll /reference:C:\Users\abdalla\.nuget\packages\microsoft.netcore.app.ref\8.0.25\ref\net8.0\Microsoft.VisualBasic.dll /reference:C:\Users\abdalla\.nuget\packages\microsoft.netcore.app.ref\8.0.25\ref\net8.0\Microsoft.Win32.Primitives.dll /reference:C:\Users\abdalla\.nuget\packages\microsoft.windowsdesktop.app.ref\8.0.25\ref\net8.0\Microsoft.Win32.Registry.AccessControl.dll /reference:C:\Users\abdalla\.nuget\packages\microsoft.netcore.app.ref\8.0.25\ref\net8.0\Microsoft.Win32.Registry.dll /reference:C:\Users\abdalla\.nuget\packages\microsoft.windowsdesktop.app.ref\8.0.25\ref\net8.0\Microsoft.Win32.SystemEvents.dll /reference:C:\Users\abdalla\.nuget\packages\microsoft.xaml.behaviors.wpf\1.1.77\lib\net6.0-windows7.0\Microsoft.Xaml.Behaviors.dll /reference:C:\Users\abdalla\.nuget\packages\microsoft.netcore.app.ref\8.0.25\ref\net8.0\mscorlib.dll /reference:C:\Users\abdalla\.nuget\packages\microsoft.netcore.app.ref\8.0.25\ref\net8.0\netstandard.dll /reference:C:\Users\abdalla\.nuget\packages\opentk\3.3.1\lib\net20\OpenTK.dll /reference:C:\Users\abdalla\.nuget\packages\microsoft.windowsdesktop.app.ref\8.0.25\ref\net8.0\PresentationCore.dll /reference:C:\Users\abdalla\.nuget\packages\microsoft.windowsdesktop.app.ref\8.0.25\ref\net8.0\PresentationFramework.Aero.dll /reference:C:\Users\abdalla\.nuget\packages\microsoft.windowsdesktop.app.ref\8.0.25\ref\net8.0\PresentationFramework.Aero2.dll /reference:C:\Users\abdalla\.nuget\packages\microsoft.windowsdesktop.app.ref\8.0.25\ref\net8.0\PresentationFramework.AeroLite.dll /reference:C:\Users\abdalla\.nuget\packages\microsoft.windowsdesktop.app.ref\8.0.25\ref\net8.0\PresentationFramework.Classic.dll /reference:C:\Users\abdalla\.nuget\packages\microsoft.windowsdesktop.app.ref\8.0.25\ref\net8.0\PresentationFramework.dll /reference:C:\Users\abdalla\.nuget\packages\microsoft.windowsdesktop.app.ref\8.0.25\ref\net8.0\PresentationFramework.Luna.dll /reference:C:\Users\abdalla\.nuget\packages\microsoft.windowsdesktop.app.ref\8.0.25\ref\net8.0\PresentationFramework.Royale.dll /reference:C:\Users\abdalla\.nuget\packages\microsoft.windowsdesktop.app.ref\8.0.25\ref\net8.0\PresentationUI.dll /reference:C:\Users\abdalla\.nuget\packages\microsoft.windowsdesktop.app.ref\8.0.25\ref\net8.0\ReachFramework.dll /reference:C:\Users\abdalla\.nuget\packages\skiasharp\3.119.0\ref\net8.0\SkiaSharp.dll /reference:C:\Users\abdalla\.nuget\packages\skiasharp.harfbuzz\3.119.0\lib\net8.0\SkiaSharp.HarfBuzz.dll /reference:C:\Users\abdalla\.nuget\packages\skiasharp.views.desktop.common\3.119.0\lib\net8.0\SkiaSharp.Views.Desktop.Common.dll /reference:C:\Users\abdalla\.nuget\packages\skiasharp.views.wpf\3.119.0\lib\net462\SkiaSharp.Views.WPF.dll /reference:C:\Users\abdalla\.nuget\packages\microsoft.netcore.app.ref\8.0.25\ref\net8.0\System.AppContext.dll /reference:C:\Users\abdalla\.nuget\packages\microsoft.netcore.app.ref\8.0.25\ref\net8.0\System.Buffers.dll /reference:C:\Users\abdalla\.nuget\packages\microsoft.windowsdesktop.app.ref\8.0.25\ref\net8.0\System.CodeDom.dll /reference:C:\Users\abdalla\.nuget\packages\microsoft.netcore.app.ref\8.0.25\ref\net8.0\System.Collections.Concurrent.dll /reference:C:\Users\abdalla\.nuget\packages\microsoft.netcore.app.ref\8.0.25\ref\net8.0\System.Collections.dll /reference:C:\Users\abdalla\.nuget\packages\microsoft.netcore.app.ref\8.0.25\ref\net8.0\System.Collections.Immutable.dll /reference:C:\Users\abdalla\.nuget\packages\microsoft.netcore.app.ref\8.0.25\ref\net8.0\System.Collections.NonGeneric.dll /reference:C:\Users\abdalla\.nuget\packages\microsoft.netcore.app.ref\8.0.25\ref\net8.0\System.Collections.Specialized.dll /reference:C:\Users\abdalla\.nuget\packages\microsoft.netcore.app.ref\8.0.25\ref\net8.0\System.ComponentModel.Annotations.dll /reference:C:\Users\abdalla\.nuget\packages\microsoft.netcore.app.ref\8.0.25\ref\net8.0\System.ComponentModel.DataAnnotations.dll /reference:C:\Users\abdalla\.nuget\packages\microsoft.netcore.app.ref\8.0.25\ref\net8.0\System.ComponentModel.dll /reference:C:\Users\abdalla\.nuget\packages\microsoft.netcore.app.ref\8.0.25\ref\net8.0\System.ComponentModel.EventBasedAsync.dll /reference:C:\Users\abdalla\.nuget\packages\microsoft.netcore.app.ref\8.0.25\ref\net8.0\System.ComponentModel.Primitives.dll /reference:C:\Users\abdalla\.nuget\packages\microsoft.netcore.app.ref\8.0.25\ref\net8.0\System.ComponentModel.TypeConverter.dll /reference:C:\Users\abdalla\.nuget\packages\microsoft.windowsdesktop.app.ref\8.0.25\ref\net8.0\System.Configuration.ConfigurationManager.dll /reference:C:\Users\abdalla\.nuget\packages\microsoft.netcore.app.ref\8.0.25\ref\net8.0\System.Configuration.dll /reference:C:\Users\abdalla\.nuget\packages\microsoft.netcore.app.ref\8.0.25\ref\net8.0\System.Console.dll /reference:C:\Users\abdalla\.nuget\packages\microsoft.netcore.app.ref\8.0.25\ref\net8.0\System.Core.dll /reference:C:\Users\abdalla\.nuget\packages\microsoft.netcore.app.ref\8.0.25\ref\net8.0\System.Data.Common.dll /reference:C:\Users\abdalla\.nuget\packages\microsoft.netcore.app.ref\8.0.25\ref\net8.0\System.Data.DataSetExtensions.dll /reference:C:\Users\abdalla\.nuget\packages\microsoft.netcore.app.ref\8.0.25\ref\net8.0\System.Data.dll /reference:C:\Users\abdalla\.nuget\packages\microsoft.netcore.app.ref\8.0.25\ref\net8.0\System.Diagnostics.Contracts.dll /reference:C:\Users\abdalla\.nuget\packages\microsoft.netcore.app.ref\8.0.25\ref\net8.0\System.Diagnostics.Debug.dll /reference:C:\Users\abdalla\.nuget\packages\microsoft.netcore.app.ref\8.0.25\ref\net8.0\System.Diagnostics.DiagnosticSource.dll /reference:C:\Users\abdalla\.nuget\packages\microsoft.windowsdesktop.app.ref\8.0.25\ref\net8.0\System.Diagnostics.EventLog.dll /reference:C:\Users\abdalla\.nuget\packages\microsoft.netcore.app.ref\8.0.25\ref\net8.0\System.Diagnostics.FileVersionInfo.dll /reference:C:\Users\abdalla\.nuget\packages\microsoft.windowsdesktop.app.ref\8.0.25\ref\net8.0\System.Diagnostics.PerformanceCounter.dll /reference:C:\Users\abdalla\.nuget\packages\microsoft.netcore.app.ref\8.0.25\ref\net8.0\System.Diagnostics.Process.dll /reference:C:\Users\abdalla\.nuget\packages\microsoft.netcore.app.ref\8.0.25\ref\net8.0\System.Diagnostics.StackTrace.dll /reference:C:\Users\abdalla\.nuget\packages\microsoft.netcore.app.ref\8.0.25\ref\net8.0\System.Diagnostics.TextWriterTraceListener.dll /reference:C:\Users\abdalla\.nuget\packages\microsoft.netcore.app.ref\8.0.25\ref\net8.0\System.Diagnostics.Tools.dll /reference:C:\Users\abdalla\.nuget\packages\microsoft.netcore.app.ref\8.0.25\ref\net8.0\System.Diagnostics.TraceSource.dll /reference:C:\Users\abdalla\.nuget\packages\microsoft.netcore.app.ref\8.0.25\ref\net8.0\System.Diagnostics.Tracing.dll /reference:C:\Users\abdalla\.nuget\packages\microsoft.windowsdesktop.app.ref\8.0.25\ref\net8.0\System.DirectoryServices.dll /reference:C:\Users\abdalla\.nuget\packages\microsoft.netcore.app.ref\8.0.25\ref\net8.0\System.dll /reference:C:\Users\abdalla\.nuget\packages\microsoft.netcore.app.ref\8.0.25\ref\net8.0\System.Drawing.dll /reference:C:\Users\abdalla\.nuget\packages\microsoft.netcore.app.ref\8.0.25\ref\net8.0\System.Drawing.Primitives.dll /reference:C:\Users\abdalla\.nuget\packages\microsoft.netcore.app.ref\8.0.25\ref\net8.0\System.Dynamic.Runtime.dll /reference:C:\Users\abdalla\.nuget\packages\microsoft.netcore.app.ref\8.0.25\ref\net8.0\System.Formats.Asn1.dll /reference:C:\Users\abdalla\.nuget\packages\microsoft.netcore.app.ref\8.0.25\ref\net8.0\System.Formats.Tar.dll /reference:C:\Users\abdalla\.nuget\packages\microsoft.netcore.app.ref\8.0.25\ref\net8.0\System.Globalization.Calendars.dll /reference:C:\Users\abdalla\.nuget\packages\microsoft.netcore.app.ref\8.0.25\ref\net8.0\System.Globalization.dll /reference:C:\Users\abdalla\.nuget\packages\microsoft.netcore.app.ref\8.0.25\ref\net8.0\System.Globalization.Extensions.dll /reference:C:\Users\abdalla\.nuget\packages\microsoft.netcore.app.ref\8.0.25\ref\net8.0\System.IO.Compression.Brotli.dll /reference:C:\Users\abdalla\.nuget\packages\microsoft.netcore.app.ref\8.0.25\ref\net8.0\System.IO.Compression.dll /reference:C:\Users\abdalla\.nuget\packages\microsoft.netcore.app.ref\8.0.25\ref\net8.0\System.IO.Compression.FileSystem.dll /reference:C:\Users\abdalla\.nuget\packages\microsoft.netcore.app.ref\8.0.25\ref\net8.0\System.IO.Compression.ZipFile.dll /reference:C:\Users\abdalla\.nuget\packages\microsoft.netcore.app.ref\8.0.25\ref\net8.0\System.IO.dll /reference:C:\Users\abdalla\.nuget\packages\microsoft.netcore.app.ref\8.0.25\ref\net8.0\System.IO.FileSystem.AccessControl.dll /reference:C:\Users\abdalla\.nuget\packages\microsoft.netcore.app.ref\8.0.25\ref\net8.0\System.IO.FileSystem.dll /reference:C:\Users\abdalla\.nuget\packages\microsoft.netcore.app.ref\8.0.25\ref\net8.0\System.IO.FileSystem.DriveInfo.dll /reference:C:\Users\abdalla\.nuget\packages\microsoft.netcore.app.ref\8.0.25\ref\net8.0\System.IO.FileSystem.Primitives.dll /reference:C:\Users\abdalla\.nuget\packages\microsoft.netcore.app.ref\8.0.25\ref\net8.0\System.IO.FileSystem.Watcher.dll /reference:C:\Users\abdalla\.nuget\packages\microsoft.netcore.app.ref\8.0.25\ref\net8.0\System.IO.IsolatedStorage.dll /reference:C:\Users\abdalla\.nuget\packages\microsoft.netcore.app.ref\8.0.25\ref\net8.0\System.IO.MemoryMappedFiles.dll /reference:C:\Users\abdalla\.nuget\packages\microsoft.windowsdesktop.app.ref\8.0.25\ref\net8.0\System.IO.Packaging.dll /reference:C:\Users\abdalla\.nuget\packages\microsoft.netcore.app.ref\8.0.25\ref\net8.0\System.IO.Pipes.AccessControl.dll /reference:C:\Users\abdalla\.nuget\packages\microsoft.netcore.app.ref\8.0.25\ref\net8.0\System.IO.Pipes.dll /reference:C:\Users\abdalla\.nuget\packages\microsoft.netcore.app.ref\8.0.25\ref\net8.0\System.IO.UnmanagedMemoryStream.dll /reference:C:\Users\abdalla\.nuget\packages\microsoft.netcore.app.ref\8.0.25\ref\net8.0\System.Linq.dll /reference:C:\Users\abdalla\.nuget\packages\microsoft.netcore.app.ref\8.0.25\ref\net8.0\System.Linq.Expressions.dll /reference:C:\Users\abdalla\.nuget\packages\microsoft.netcore.app.ref\8.0.25\ref\net8.0\System.Linq.Parallel.dll /reference:C:\Users\abdalla\.nuget\packages\microsoft.netcore.app.ref\8.0.25\ref\net8.0\System.Linq.Queryable.dll /reference:C:\Users\abdalla\.nuget\packages\microsoft.netcore.app.ref\8.0.25\ref\net8.0\System.Memory.dll /reference:C:\Users\abdalla\.nuget\packages\microsoft.netcore.app.ref\8.0.25\ref\net8.0\System.Net.dll /reference:C:\Users\abdalla\.nuget\packages\microsoft.netcore.app.ref\8.0.25\ref\net8.0\System.Net.Http.dll /reference:C:\Users\abdalla\.nuget\packages\microsoft.netcore.app.ref\8.0.25\ref\net8.0\System.Net.Http.Json.dll /reference:C:\Users\abdalla\.nuget\packages\microsoft.netcore.app.ref\8.0.25\ref\net8.0\System.Net.HttpListener.dll /reference:C:\Users\abdalla\.nuget\packages\microsoft.netcore.app.ref\8.0.25\ref\net8.0\System.Net.Mail.dll /reference:C:\Users\abdalla\.nuget\packages\microsoft.netcore.app.ref\8.0.25\ref\net8.0\System.Net.NameResolution.dll /reference:C:\Users\abdalla\.nuget\packages\microsoft.netcore.app.ref\8.0.25\ref\net8.0\System.Net.NetworkInformation.dll /reference:C:\Users\abdalla\.nuget\packages\microsoft.netcore.app.ref\8.0.25\ref\net8.0\System.Net.Ping.dll /reference:C:\Users\abdalla\.nuget\packages\microsoft.netcore.app.ref\8.0.25\ref\net8.0\System.Net.Primitives.dll /reference:C:\Users\abdalla\.nuget\packages\microsoft.netcore.app.ref\8.0.25\ref\net8.0\System.Net.Quic.dll /reference:C:\Users\abdalla\.nuget\packages\microsoft.netcore.app.ref\8.0.25\ref\net8.0\System.Net.Requests.dll /reference:C:\Users\abdalla\.nuget\packages\microsoft.netcore.app.ref\8.0.25\ref\net8.0\System.Net.Security.dll /reference:C:\Users\abdalla\.nuget\packages\microsoft.netcore.app.ref\8.0.25\ref\net8.0\System.Net.ServicePoint.dll /reference:C:\Users\abdalla\.nuget\packages\microsoft.netcore.app.ref\8.0.25\ref\net8.0\System.Net.Sockets.dll /reference:C:\Users\abdalla\.nuget\packages\microsoft.netcore.app.ref\8.0.25\ref\net8.0\System.Net.WebClient.dll /reference:C:\Users\abdalla\.nuget\packages\microsoft.netcore.app.ref\8.0.25\ref\net8.0\System.Net.WebHeaderCollection.dll /reference:C:\Users\abdalla\.nuget\packages\microsoft.netcore.app.ref\8.0.25\ref\net8.0\System.Net.WebProxy.dll /reference:C:\Users\abdalla\.nuget\packages\microsoft.netcore.app.ref\8.0.25\ref\net8.0\System.Net.WebSockets.Client.dll /reference:C:\Users\abdalla\.nuget\packages\microsoft.netcore.app.ref\8.0.25\ref\net8.0\System.Net.WebSockets.dll /reference:C:\Users\abdalla\.nuget\packages\microsoft.netcore.app.ref\8.0.25\ref\net8.0\System.Numerics.dll /reference:C:\Users\abdalla\.nuget\packages\microsoft.netcore.app.ref\8.0.25\ref\net8.0\System.Numerics.Vectors.dll /reference:C:\Users\abdalla\.nuget\packages\microsoft.netcore.app.ref\8.0.25\ref\net8.0\System.ObjectModel.dll /reference:C:\Users\abdalla\.nuget\packages\microsoft.windowsdesktop.app.ref\8.0.25\ref\net8.0\System.Printing.dll /reference:C:\Users\abdalla\.nuget\packages\microsoft.netcore.app.ref\8.0.25\ref\net8.0\System.Reflection.DispatchProxy.dll /reference:C:\Users\abdalla\.nuget\packages\microsoft.netcore.app.ref\8.0.25\ref\net8.0\System.Reflection.dll /reference:C:\Users\abdalla\.nuget\packages\microsoft.netcore.app.ref\8.0.25\ref\net8.0\System.Reflection.Emit.dll /reference:C:\Users\abdalla\.nuget\packages\microsoft.netcore.app.ref\8.0.25\ref\net8.0\System.Reflection.Emit.ILGeneration.dll /reference:C:\Users\abdalla\.nuget\packages\microsoft.netcore.app.ref\8.0.25\ref\net8.0\System.Reflection.Emit.Lightweight.dll /reference:C:\Users\abdalla\.nuget\packages\microsoft.netcore.app.ref\8.0.25\ref\net8.0\System.Reflection.Extensions.dll /reference:C:\Users\abdalla\.nuget\packages\microsoft.netcore.app.ref\8.0.25\ref\net8.0\System.Reflection.Metadata.dll /reference:C:\Users\abdalla\.nuget\packages\microsoft.netcore.app.ref\8.0.25\ref\net8.0\System.Reflection.Primitives.dll /reference:C:\Users\abdalla\.nuget\packages\microsoft.netcore.app.ref\8.0.25\ref\net8.0\System.Reflection.TypeExtensions.dll /reference:C:\Users\abdalla\.nuget\packages\microsoft.windowsdesktop.app.ref\8.0.25\ref\net8.0\System.Resources.Extensions.dll /reference:C:\Users\abdalla\.nuget\packages\microsoft.netcore.app.ref\8.0.25\ref\net8.0\System.Resources.Reader.dll /reference:C:\Users\abdalla\.nuget\packages\microsoft.netcore.app.ref\8.0.25\ref\net8.0\System.Resources.ResourceManager.dll /reference:C:\Users\abdalla\.nuget\packages\microsoft.netcore.app.ref\8.0.25\ref\net8.0\System.Resources.Writer.dll /reference:C:\Users\abdalla\.nuget\packages\microsoft.netcore.app.ref\8.0.25\ref\net8.0\System.Runtime.CompilerServices.Unsafe.dll /reference:C:\Users\abdalla\.nuget\packages\microsoft.netcore.app.ref\8.0.25\ref\net8.0\System.Runtime.CompilerServices.VisualC.dll /reference:C:\Users\abdalla\.nuget\packages\microsoft.netcore.app.ref\8.0.25\ref\net8.0\System.Runtime.dll /reference:C:\Users\abdalla\.nuget\packages\microsoft.netcore.app.ref\8.0.25\ref\net8.0\System.Runtime.Extensions.dll /reference:C:\Users\abdalla\.nuget\packages\microsoft.netcore.app.ref\8.0.25\ref\net8.0\System.Runtime.Handles.dll /reference:C:\Users\abdalla\.nuget\packages\microsoft.netcore.app.ref\8.0.25\ref\net8.0\System.Runtime.InteropServices.dll /reference:C:\Users\abdalla\.nuget\packages\microsoft.netcore.app.ref\8.0.25\ref\net8.0\System.Runtime.InteropServices.JavaScript.dll /reference:C:\Users\abdalla\.nuget\packages\microsoft.netcore.app.ref\8.0.25\ref\net8.0\System.Runtime.InteropServices.RuntimeInformation.dll /reference:C:\Users\abdalla\.nuget\packages\microsoft.netcore.app.ref\8.0.25\ref\net8.0\System.Runtime.Intrinsics.dll /reference:C:\Users\abdalla\.nuget\packages\microsoft.netcore.app.ref\8.0.25\ref\net8.0\System.Runtime.Loader.dll /reference:C:\Users\abdalla\.nuget\packages\microsoft.netcore.app.ref\8.0.25\ref\net8.0\System.Runtime.Numerics.dll /reference:C:\Users\abdalla\.nuget\packages\microsoft.netcore.app.ref\8.0.25\ref\net8.0\System.Runtime.Serialization.dll /reference:C:\Users\abdalla\.nuget\packages\microsoft.netcore.app.ref\8.0.25\ref\net8.0\System.Runtime.Serialization.Formatters.dll /reference:C:\Users\abdalla\.nuget\packages\microsoft.netcore.app.ref\8.0.25\ref\net8.0\System.Runtime.Serialization.Json.dll /reference:C:\Users\abdalla\.nuget\packages\microsoft.netcore.app.ref\8.0.25\ref\net8.0\System.Runtime.Serialization.Primitives.dll /reference:C:\Users\abdalla\.nuget\packages\microsoft.netcore.app.ref\8.0.25\ref\net8.0\System.Runtime.Serialization.Xml.dll /reference:C:\Users\abdalla\.nuget\packages\microsoft.netcore.app.ref\8.0.25\ref\net8.0\System.Security.AccessControl.dll /reference:C:\Users\abdalla\.nuget\packages\microsoft.netcore.app.ref\8.0.25\ref\net8.0\System.Security.Claims.dll /reference:C:\Users\abdalla\.nuget\packages\microsoft.netcore.app.ref\8.0.25\ref\net8.0\System.Security.Cryptography.Algorithms.dll /reference:C:\Users\abdalla\.nuget\packages\microsoft.netcore.app.ref\8.0.25\ref\net8.0\System.Security.Cryptography.Cng.dll /reference:C:\Users\abdalla\.nuget\packages\microsoft.netcore.app.ref\8.0.25\ref\net8.0\System.Security.Cryptography.Csp.dll /reference:C:\Users\abdalla\.nuget\packages\microsoft.netcore.app.ref\8.0.25\ref\net8.0\System.Security.Cryptography.dll /reference:C:\Users\abdalla\.nuget\packages\microsoft.netcore.app.ref\8.0.25\ref\net8.0\System.Security.Cryptography.Encoding.dll /reference:C:\Users\abdalla\.nuget\packages\microsoft.netcore.app.ref\8.0.25\ref\net8.0\System.Security.Cryptography.OpenSsl.dll /reference:C:\Users\abdalla\.nuget\packages\microsoft.windowsdesktop.app.ref\8.0.25\ref\net8.0\System.Security.Cryptography.Pkcs.dll /reference:C:\Users\abdalla\.nuget\packages\microsoft.netcore.app.ref\8.0.25\ref\net8.0\System.Security.Cryptography.Primitives.dll /reference:C:\Users\abdalla\.nuget\packages\microsoft.windowsdesktop.app.ref\8.0.25\ref\net8.0\System.Security.Cryptography.ProtectedData.dll /reference:C:\Users\abdalla\.nuget\packages\microsoft.netcore.app.ref\8.0.25\ref\net8.0\System.Security.Cryptography.X509Certificates.dll /reference:C:\Users\abdalla\.nuget\packages\microsoft.windowsdesktop.app.ref\8.0.25\ref\net8.0\System.Security.Cryptography.Xml.dll /reference:C:\Users\abdalla\.nuget\packages\microsoft.netcore.app.ref\8.0.25\ref\net8.0\System.Security.dll /reference:C:\Users\abdalla\.nuget\packages\microsoft.windowsdesktop.app.ref\8.0.25\ref\net8.0\System.Security.Permissions.dll /reference:C:\Users\abdalla\.nuget\packages\microsoft.netcore.app.ref\8.0.25\ref\net8.0\System.Security.Principal.dll /reference:C:\Users\abdalla\.nuget\packages\microsoft.netcore.app.ref\8.0.25\ref\net8.0\System.Security.Principal.Windows.dll /reference:C:\Users\abdalla\.nuget\packages\microsoft.netcore.app.ref\8.0.25\ref\net8.0\System.Security.SecureString.dll /reference:C:\Users\abdalla\.nuget\packages\microsoft.netcore.app.ref\8.0.25\ref\net8.0\System.ServiceModel.Web.dll /reference:C:\Users\abdalla\.nuget\packages\microsoft.netcore.app.ref\8.0.25\ref\net8.0\System.ServiceProcess.dll /reference:C:\Users\abdalla\.nuget\packages\microsoft.netcore.app.ref\8.0.25\ref\net8.0\System.Text.Encoding.CodePages.dll /reference:C:\Users\abdalla\.nuget\packages\microsoft.netcore.app.ref\8.0.25\ref\net8.0\System.Text.Encoding.dll /reference:C:\Users\abdalla\.nuget\packages\microsoft.netcore.app.ref\8.0.25\ref\net8.0\System.Text.Encoding.Extensions.dll /reference:C:\Users\abdalla\.nuget\packages\microsoft.netcore.app.ref\8.0.25\ref\net8.0\System.Text.Encodings.Web.dll /reference:C:\Users\abdalla\.nuget\packages\microsoft.netcore.app.ref\8.0.25\ref\net8.0\System.Text.Json.dll /reference:C:\Users\abdalla\.nuget\packages\microsoft.netcore.app.ref\8.0.25\ref\net8.0\System.Text.RegularExpressions.dll /reference:C:\Users\abdalla\.nuget\packages\microsoft.windowsdesktop.app.ref\8.0.25\ref\net8.0\System.Threading.AccessControl.dll /reference:C:\Users\abdalla\.nuget\packages\microsoft.netcore.app.ref\8.0.25\ref\net8.0\System.Threading.Channels.dll /reference:C:\Users\abdalla\.nuget\packages\microsoft.netcore.app.ref\8.0.25\ref\net8.0\System.Threading.dll /reference:C:\Users\abdalla\.nuget\packages\microsoft.netcore.app.ref\8.0.25\ref\net8.0\System.Threading.Overlapped.dll /reference:C:\Users\abdalla\.nuget\packages\microsoft.netcore.app.ref\8.0.25\ref\net8.0\System.Threading.Tasks.Dataflow.dll /reference:C:\Users\abdalla\.nuget\packages\microsoft.netcore.app.ref\8.0.25\ref\net8.0\System.Threading.Tasks.dll /reference:C:\Users\abdalla\.nuget\packages\microsoft.netcore.app.ref\8.0.25\ref\net8.0\System.Threading.Tasks.Extensions.dll /reference:C:\Users\abdalla\.nuget\packages\microsoft.netcore.app.ref\8.0.25\ref\net8.0\System.Threading.Tasks.Parallel.dll /reference:C:\Users\abdalla\.nuget\packages\microsoft.netcore.app.ref\8.0.25\ref\net8.0\System.Threading.Thread.dll /reference:C:\Users\abdalla\.nuget\packages\microsoft.netcore.app.ref\8.0.25\ref\net8.0\System.Threading.ThreadPool.dll /reference:C:\Users\abdalla\.nuget\packages\microsoft.netcore.app.ref\8.0.25\ref\net8.0\System.Threading.Timer.dll /reference:C:\Users\abdalla\.nuget\packages\microsoft.netcore.app.ref\8.0.25\ref\net8.0\System.Transactions.dll /reference:C:\Users\abdalla\.nuget\packages\microsoft.netcore.app.ref\8.0.25\ref\net8.0\System.Transactions.Local.dll /reference:C:\Users\abdalla\.nuget\packages\microsoft.netcore.app.ref\8.0.25\ref\net8.0\System.ValueTuple.dll /reference:C:\Users\abdalla\.nuget\packages\microsoft.netcore.app.ref\8.0.25\ref\net8.0\System.Web.dll /reference:C:\Users\abdalla\.nuget\packages\microsoft.netcore.app.ref\8.0.25\ref\net8.0\System.Web.HttpUtility.dll /reference:C:\Users\abdalla\.nuget\packages\microsoft.windowsdesktop.app.ref\8.0.25\ref\net8.0\System.Windows.Controls.Ribbon.dll /reference:C:\Users\abdalla\.nuget\packages\microsoft.netcore.app.ref\8.0.25\ref\net8.0\System.Windows.dll /reference:C:\Users\abdalla\.nuget\packages\microsoft.windowsdesktop.app.ref\8.0.25\ref\net8.0\System.Windows.Extensions.dll /reference:C:\Users\abdalla\.nuget\packages\microsoft.windowsdesktop.app.ref\8.0.25\ref\net8.0\System.Windows.Input.Manipulations.dll /reference:C:\Users\abdalla\.nuget\packages\microsoft.windowsdesktop.app.ref\8.0.25\ref\net8.0\System.Windows.Presentation.dll /reference:C:\Users\abdalla\.nuget\packages\microsoft.windowsdesktop.app.ref\8.0.25\ref\net8.0\System.Xaml.dll /reference:C:\Users\abdalla\.nuget\packages\microsoft.netcore.app.ref\8.0.25\ref\net8.0\System.Xml.dll /reference:C:\Users\abdalla\.nuget\packages\microsoft.netcore.app.ref\8.0.25\ref\net8.0\System.Xml.Linq.dll /reference:C:\Users\abdalla\.nuget\packages\microsoft.netcore.app.ref\8.0.25\ref\net8.0\System.Xml.ReaderWriter.dll /reference:C:\Users\abdalla\.nuget\packages\microsoft.netcore.app.ref\8.0.25\ref\net8.0\System.Xml.Serialization.dll /reference:C:\Users\abdalla\.nuget\packages\microsoft.netcore.app.ref\8.0.25\ref\net8.0\System.Xml.XDocument.dll /reference:C:\Users\abdalla\.nuget\packages\microsoft.netcore.app.ref\8.0.25\ref\net8.0\System.Xml.XmlDocument.dll /reference:C:\Users\abdalla\.nuget\packages\microsoft.netcore.app.ref\8.0.25\ref\net8.0\System.Xml.XmlSerializer.dll /reference:C:\Users\abdalla\.nuget\packages\microsoft.netcore.app.ref\8.0.25\ref\net8.0\System.Xml.XPath.dll /reference:C:\Users\abdalla\.nuget\packages\microsoft.netcore.app.ref\8.0.25\ref\net8.0\System.Xml.XPath.XDocument.dll /reference:C:\Users\abdalla\.nuget\packages\microsoft.windowsdesktop.app.ref\8.0.25\ref\net8.0\UIAutomationClient.dll /reference:C:\Users\abdalla\.nuget\packages\microsoft.windowsdesktop.app.ref\8.0.25\ref\net8.0\UIAutomationClientSideProviders.dll /reference:C:\Users\abdalla\.nuget\packages\microsoft.windowsdesktop.app.ref\8.0.25\ref\net8.0\UIAutomationProvider.dll /reference:C:\Users\abdalla\.nuget\packages\microsoft.windowsdesktop.app.ref\8.0.25\ref\net8.0\UIAutomationTypes.dll /reference:C:\Users\abdalla\.nuget\packages\microsoft.windowsdesktop.app.ref\8.0.25\ref\net8.0\WindowsBase.dll /debug+ /debug:portable /filealign:512 /optimize- /out:obj\Debug\net8.0-windows\FitnessTracker.dll /refout:obj\Debug\net8.0-windows\refint\FitnessTracker.dll /target:winexe /warnaserror- /utf8output /win32icon:Assets\app.ico /deterministic+ /sourcelink:obj\Debug\net8.0-windows\FitnessTracker_kxmkq5fg_wpftmp.sourcelink.json /langversion:12.0 /embed:C:\Users\abdalla\Desktop\Fitness-tracker\obj\Debug\net8.0-windows\MainWindow.g.cs /embed:C:\Users\abdalla\Desktop\Fitness-tracker\obj\Debug\net8.0-windows\Views\AdminDashboardView.g.cs /embed:C:\Users\abdalla\Desktop\Fitness-tracker\obj\Debug\net8.0-windows\Views\AdminPlaceholderView.g.cs /embed:C:\Users\abdalla\Desktop\Fitness-tracker\obj\Debug\net8.0-windows\Views\DashboardHomeView.g.cs /embed:C:\Users\abdalla\Desktop\Fitness-tracker\obj\Debug\net8.0-windows\Views\ExerciseLogView.g.cs /embed:C:\Users\abdalla\Desktop\Fitness-tracker\obj\Debug\net8.0-windows\Views\GoalsView.g.cs /embed:C:\Users\abdalla\Desktop\Fitness-tracker\obj\Debug\net8.0-windows\Views\HealthMetricsView.g.cs /embed:C:\Users\abdalla\Desktop\Fitness-tracker\obj\Debug\net8.0-windows\Views\LoginPage.g.cs /embed:C:\Users\abdalla\Desktop\Fitness-tracker\obj\Debug\net8.0-windows\Views\ManageUsersView.g.cs /embed:C:\Users\abdalla\Desktop\Fitness-tracker\obj\Debug\net8.0-windows\Views\MealsView.g.cs /embed:C:\Users\abdalla\Desktop\Fitness-tracker\obj\Debug\net8.0-windows\Views\UserProfileView.g.cs /embed:C:\Users\abdalla\Desktop\Fitness-tracker\obj\Debug\net8.0-windows\App.g.cs /embed:C:\Users\abdalla\Desktop\Fitness-tracker\obj\Debug\net8.0-windows\FitnessTracker_Content.g.cs /embed:C:\Users\abdalla\Desktop\Fitness-tracker\obj\Debug\net8.0-windows\GeneratedInternalTypeHelper.g.cs /embed:"obj\Debug\net8.0-windows\.NETCoreApp,Version=v8.0.AssemblyAttributes.cs" /embed:obj\Debug\net8.0-windows\FitnessTracker_kxmkq5fg_wpftmp.AssemblyInfo.cs /embed:obj\Debug\net8.0-windows\FitnessTracker_kxmkq5fg_wpftmp.GlobalUsings.g.cs /analyzerconfig:obj\Debug\net8.0-windows\FitnessTracker_kxmkq5fg_wpftmp.GeneratedMSBuildEditorConfig.editorconfig /analyzerconfig:"C:\Program Files\dotnet\sdk\10.0.201\Sdks\Microsoft.NET.Sdk\analyzers\build\config\analysislevel_8_default.globalconfig" /analyzer:"C:\Program Files\dotnet\sdk\10.0.201\Sdks\Microsoft.NET.Sdk\targets\..\analyzers\Microsoft.CodeAnalysis.CSharp.NetAnalyzers.dll" /analyzer:"C:\Program Files\dotnet\sdk\10.0.201\Sdks\Microsoft.NET.Sdk\targets\..\analyzers\Microsoft.CodeAnalysis.NetAnalyzers.dll" /analyzer:C:\Users\abdalla\.nuget\packages\microsoft.netcore.app.ref\8.0.25\analyzers/dotnet/cs/Microsoft.Interop.ComInterfaceGenerator.dll /analyzer:C:\Users\abdalla\.nuget\packages\microsoft.netcore.app.ref\8.0.25\analyzers/dotnet/cs/Microsoft.Interop.JavaScript.JSImportGenerator.dll /analyzer:C:\Users\abdalla\.nuget\packages\microsoft.netcore.app.ref\8.0.25\analyzers/dotnet/cs/Microsoft.Interop.LibraryImportGenerator.dll /analyzer:C:\Users\abdalla\.nuget\packages\microsoft.netcore.app.ref\8.0.25\analyzers/dotnet/cs/Microsoft.Interop.SourceGeneration.dll /analyzer:C:\Users\abdalla\.nuget\packages\microsoft.netcore.app.ref\8.0.25\analyzers/dotnet/cs/System.Text.Json.SourceGeneration.dll /analyzer:C:\Users\abdalla\.nuget\packages\microsoft.netcore.app.ref\8.0.25\analyzers/dotnet/cs/System.Text.RegularExpressions.Generator.dll AdminUserDialogs.cs AppSession.cs Converters\HexToBrushConverter.cs Converters\InverseBoolToVisibilityConverter.cs Converters\NavKeyActiveMultiConverter.cs Data\SampleDataStore.cs EntryDialogs.cs Helpers\PasswordBoxAssistant.cs Helpers\RadialProgressHelper.cs MainWindow.xaml.cs Models\FitnessModels.cs UserRecord.cs ViewModels\AdminDashboardViewModel.cs ViewModels\AdminPlaceholderViewModel.cs ViewModels\DashboardHomeViewModel.cs ViewModels\ExerciseLogViewModel.cs ViewModels\GoalsViewModel.cs ViewModels\HealthMetricItemVm.cs ViewModels\HealthMetricsViewModel.cs ViewModels\LoginPageViewModel.cs ViewModels\MainWindowViewModel.cs ViewModels\ManageUsersViewModel.cs ViewModels\MealsViewModel.cs ViewModels\RelayCommand.cs ViewModels\SidebarNavItemVm.cs ViewModels\UserProfileViewModel.cs ViewModels\ViewModelBase.cs Views\AdminDashboardView.xaml.cs Views\AdminPlaceholderView.xaml.cs Views\DashboardHomeView.xaml.cs Views\ExerciseLogView.xaml.cs Views\GoalsView.xaml.cs Views\HealthMetricsView.xaml.cs Views\LoginPage.xaml.cs Views\ManageUsersView.xaml.cs Views\MealsView.xaml.cs Views\UserProfileView.xaml.cs C:\Users\abdalla\Desktop\Fitness-tracker\obj\Debug\net8.0-windows\MainWindow.g.cs C:\Users\abdalla\Desktop\Fitness-tracker\obj\Debug\net8.0-windows\Views\AdminDashboardView.g.cs C:\Users\abdalla\Desktop\Fitness-tracker\obj\Debug\net8.0-windows\Views\AdminPlaceholderView.g.cs C:\Users\abdalla\Desktop\Fitness-tracker\obj\Debug\net8.0-windows\Views\DashboardHomeView.g.cs C:\Users\abdalla\Desktop\Fitness-tracker\obj\Debug\net8.0-windows\Views\ExerciseLogView.g.cs C:\Users\abdalla\Desktop\Fitness-tracker\obj\Debug\net8.0-windows\Views\GoalsView.g.cs C:\Users\abdalla\Desktop\Fitness-tracker\obj\Debug\net8.0-windows\Views\HealthMetricsView.g.cs C:\Users\abdalla\Desktop\Fitness-tracker\obj\Debug\net8.0-windows\Views\LoginPage.g.cs C:\Users\abdalla\Desktop\Fitness-tracker\obj\Debug\net8.0-windows\Views\ManageUsersView.g.cs C:\Users\abdalla\Desktop\Fitness-tracker\obj\Debug\net8.0-windows\Views\MealsView.g.cs C:\Users\abdalla\Desktop\Fitness-tracker\obj\Debug\net8.0-windows\Views\UserProfileView.g.cs C:\Users\abdalla\Desktop\Fitness-tracker\obj\Debug\net8.0-windows\App.g.cs C:\Users\abdalla\Desktop\Fitness-tracker\obj\Debug\net8.0-windows\FitnessTracker_Content.g.cs C:\Users\abdalla\Desktop\Fitness-tracker\obj\Debug\net8.0-windows\GeneratedInternalTypeHelper.g.cs "obj\Debug\net8.0-windows\.NETCoreApp,Version=v8.0.AssemblyAttributes.cs" obj\Debug\net8.0-windows\FitnessTracker_kxmkq5fg_wpftmp.AssemblyInfo.cs obj\Debug\net8.0-windows\FitnessTracker_kxmkq5fg_wpftmp.GlobalUsings.g.cs /warnaserror+:NU1605,SYSLIB0011
         Compilation request FitnessTracker_kxmkq5fg_wpftmp (net8.0-windows), PathToTool=C:\Program Files\dotnet\sdk\10.0.201\Roslyn\bincore\csc.exe
         CommandLine = ' /noconfig'
         BuildResponseFile = '/unsafe- /checked- /nowarn:1701,1702,1701,1702,8002 /fullpaths /nostdlib+ /errorreport:prompt /warn:8 /define:TRACE;DEBUG;NET;NET8_0;NETCOREAPP;WINDOWS;WINDOWS7_0;NET5_0_OR_GREATER;NET6_0_OR_GREATER;NET7_0_OR_GREATER;NET8_0_OR_GREATER;NETCOREAPP3_0_OR_GREATER;NETCOREAPP3_1_OR_GREATER;WINDOWS7_0_OR_GREATER /highentropyva+ /nullable:enable /reference:C:\Users\abdalla\.nuget\packages\microsoft.windowsdesktop.app.ref\8.0.25\ref\net8.0\Accessibility.dll /reference:C:\Users\abdalla\.nuget\packages\opentk.glwpfcontrol\3.3.0\lib\net452\GLWpfControl.dll /reference:C:\Users\abdalla\.nuget\packages\harfbuzzsharp\8.3.1.1\lib\net8.0\HarfBuzzSharp.dll /reference:C:\Users\abdalla\.nuget\packages\livechartscore\2.0.0\lib\net8.0-windows7.0\LiveChartsCore.dll /reference:C:\Users\abdalla\.nuget\packages\livechartscore.skiasharpview\2.0.0\lib\net8.0-windows7.0\LiveChartsCore.SkiaSharpView.dll /reference:C:\Users\abdalla\.nuget\packages\livechartscore.skiasharpview.wpf\2.0.0\lib\net8.0-windows7.0\LiveChartsCore.SkiaSharpView.WPF.dll /reference:C:\Users\abdalla\.nuget\packages\materialdesigncolors\5.3.1\lib\net8.0-windows7.0\MaterialDesignColors.dll /reference:C:\Users\abdalla\.nuget\packages\materialdesignthemes\5.3.1\lib\net8.0-windows7.0\MaterialDesignThemes.Wpf.dll /reference:C:\Users\abdalla\.nuget\packages\microsoft.netcore.app.ref\8.0.25\ref\net8.0\Microsoft.CSharp.dll /reference:C:\Users\abdalla\.nuget\packages\microsoft.netcore.app.ref\8.0.25\ref\net8.0\Microsoft.VisualBasic.Core.dll /reference:C:\Users\abdalla\.nuget\packages\microsoft.netcore.app.ref\8.0.25\ref\net8.0\Microsoft.VisualBasic.dll /reference:C:\Users\abdalla\.nuget\packages\microsoft.netcore.app.ref\8.0.25\ref\net8.0\Microsoft.Win32.Primitives.dll /reference:C:\Users\abdalla\.nuget\packages\microsoft.windowsdesktop.app.ref\8.0.25\ref\net8.0\Microsoft.Win32.Registry.AccessControl.dll /reference:C:\Users\abdalla\.nuget\packages\microsoft.netcore.app.ref\8.0.25\ref\net8.0\Microsoft.Win32.Registry.dll /reference:C:\Users\abdalla\.nuget\packages\microsoft.windowsdesktop.app.ref\8.0.25\ref\net8.0\Microsoft.Win32.SystemEvents.dll /reference:C:\Users\abdalla\.nuget\packages\microsoft.xaml.behaviors.wpf\1.1.77\lib\net6.0-windows7.0\Microsoft.Xaml.Behaviors.dll /reference:C:\Users\abdalla\.nuget\packages\microsoft.netcore.app.ref\8.0.25\ref\net8.0\mscorlib.dll /reference:C:\Users\abdalla\.nuget\packages\microsoft.netcore.app.ref\8.0.25\ref\net8.0\netstandard.dll /reference:C:\Users\abdalla\.nuget\packages\opentk\3.3.1\lib\net20\OpenTK.dll /reference:C:\Users\abdalla\.nuget\packages\microsoft.windowsdesktop.app.ref\8.0.25\ref\net8.0\PresentationCore.dll /reference:C:\Users\abdalla\.nuget\packages\microsoft.windowsdesktop.app.ref\8.0.25\ref\net8.0\PresentationFramework.Aero.dll /reference:C:\Users\abdalla\.nuget\packages\microsoft.windowsdesktop.app.ref\8.0.25\ref\net8.0\PresentationFramework.Aero2.dll /reference:C:\Users\abdalla\.nuget\packages\microsoft.windowsdesktop.app.ref\8.0.25\ref\net8.0\PresentationFramework.AeroLite.dll /reference:C:\Users\abdalla\.nuget\packages\microsoft.windowsdesktop.app.ref\8.0.25\ref\net8.0\PresentationFramework.Classic.dll /reference:C:\Users\abdalla\.nuget\packages\microsoft.windowsdesktop.app.ref\8.0.25\ref\net8.0\PresentationFramework.dll /reference:C:\Users\abdalla\.nuget\packages\microsoft.windowsdesktop.app.ref\8.0.25\ref\net8.0\PresentationFramework.Luna.dll /reference:C:\Users\abdalla\.nuget\packages\microsoft.windowsdesktop.app.ref\8.0.25\ref\net8.0\PresentationFramework.Royale.dll /reference:C:\Users\abdalla\.nuget\packages\microsoft.windowsdesktop.app.ref\8.0.25\ref\net8.0\PresentationUI.dll /reference:C:\Users\abdalla\.nuget\packages\microsoft.windowsdesktop.app.ref\8.0.25\ref\net8.0\ReachFramework.dll /reference:C:\Users\abdalla\.nuget\packages\skiasharp\3.119.0\ref\net8.0\SkiaSharp.dll /reference:C:\Users\abdalla\.nuget\packages\skiasharp.harfbuzz\3.119.0\lib\net8.0\SkiaSharp.HarfBuzz.dll /reference:C:\Users\abdalla\.nuget\packages\skiasharp.views.desktop.common\3.119.0\lib\net8.0\SkiaSharp.Views.Desktop.Common.dll /reference:C:\Users\abdalla\.nuget\packages\skiasharp.views.wpf\3.119.0\lib\net462\SkiaSharp.Views.WPF.dll /reference:C:\Users\abdalla\.nuget\packages\microsoft.netcore.app.ref\8.0.25\ref\net8.0\System.AppContext.dll /reference:C:\Users\abdalla\.nuget\packages\microsoft.netcore.app.ref\8.0.25\ref\net8.0\System.Buffers.dll /reference:C:\Users\abdalla\.nuget\packages\microsoft.windowsdesktop.app.ref\8.0.25\ref\net8.0\System.CodeDom.dll /reference:C:\Users\abdalla\.nuget\packages\microsoft.netcore.app.ref\8.0.25\ref\net8.0\System.Collections.Concurrent.dll /reference:C:\Users\abdalla\.nuget\packages\microsoft.netcore.app.ref\8.0.25\ref\net8.0\System.Collections.dll /reference:C:\Users\abdalla\.nuget\packages\microsoft.netcore.app.ref\8.0.25\ref\net8.0\System.Collections.Immutable.dll /reference:C:\Users\abdalla\.nuget\packages\microsoft.netcore.app.ref\8.0.25\ref\net8.0\System.Collections.NonGeneric.dll /reference:C:\Users\abdalla\.nuget\packages\microsoft.netcore.app.ref\8.0.25\ref\net8.0\System.Collections.Specialized.dll /reference:C:\Users\abdalla\.nuget\packages\microsoft.netcore.app.ref\8.0.25\ref\net8.0\System.ComponentModel.Annotations.dll /reference:C:\Users\abdalla\.nuget\packages\microsoft.netcore.app.ref\8.0.25\ref\net8.0\System.ComponentModel.DataAnnotations.dll /reference:C:\Users\abdalla\.nuget\packages\microsoft.netcore.app.ref\8.0.25\ref\net8.0\System.ComponentModel.dll /reference:C:\Users\abdalla\.nuget\packages\microsoft.netcore.app.ref\8.0.25\ref\net8.0\System.ComponentModel.EventBasedAsync.dll /reference:C:\Users\abdalla\.nuget\packages\microsoft.netcore.app.ref\8.0.25\ref\net8.0\System.ComponentModel.Primitives.dll /reference:C:\Users\abdalla\.nuget\packages\microsoft.netcore.app.ref\8.0.25\ref\net8.0\System.ComponentModel.TypeConverter.dll /reference:C:\Users\abdalla\.nuget\packages\microsoft.windowsdesktop.app.ref\8.0.25\ref\net8.0\System.Configuration.ConfigurationManager.dll /reference:C:\Users\abdalla\.nuget\packages\microsoft.netcore.app.ref\8.0.25\ref\net8.0\System.Configuration.dll /reference:C:\Users\abdalla\.nuget\packages\microsoft.netcore.app.ref\8.0.25\ref\net8.0\System.Console.dll /reference:C:\Users\abdalla\.nuget\packages\microsoft.netcore.app.ref\8.0.25\ref\net8.0\System.Core.dll /reference:C:\Users\abdalla\.nuget\packages\microsoft.netcore.app.ref\8.0.25\ref\net8.0\System.Data.Common.dll /reference:C:\Users\abdalla\.nuget\packages\microsoft.netcore.app.ref\8.0.25\ref\net8.0\System.Data.DataSetExtensions.dll /reference:C:\Users\abdalla\.nuget\packages\microsoft.netcore.app.ref\8.0.25\ref\net8.0\System.Data.dll /reference:C:\Users\abdalla\.nuget\packages\microsoft.netcore.app.ref\8.0.25\ref\net8.0\System.Diagnostics.Contracts.dll /reference:C:\Users\abdalla\.nuget\packages\microsoft.netcore.app.ref\8.0.25\ref\net8.0\System.Diagnostics.Debug.dll /reference:C:\Users\abdalla\.nuget\packages\microsoft.netcore.app.ref\8.0.25\ref\net8.0\System.Diagnostics.DiagnosticSource.dll /reference:C:\Users\abdalla\.nuget\packages\microsoft.windowsdesktop.app.ref\8.0.25\ref\net8.0\System.Diagnostics.EventLog.dll /reference:C:\Users\abdalla\.nuget\packages\microsoft.netcore.app.ref\8.0.25\ref\net8.0\System.Diagnostics.FileVersionInfo.dll /reference:C:\Users\abdalla\.nuget\packages\microsoft.windowsdesktop.app.ref\8.0.25\ref\net8.0\System.Diagnostics.PerformanceCounter.dll /reference:C:\Users\abdalla\.nuget\packages\microsoft.netcore.app.ref\8.0.25\ref\net8.0\System.Diagnostics.Process.dll /reference:C:\Users\abdalla\.nuget\packages\microsoft.netcore.app.ref\8.0.25\ref\net8.0\System.Diagnostics.StackTrace.dll /reference:C:\Users\abdalla\.nuget\packages\microsoft.netcore.app.ref\8.0.25\ref\net8.0\System.Diagnostics.TextWriterTraceListener.dll /reference:C:\Users\abdalla\.nuget\packages\microsoft.netcore.app.ref\8.0.25\ref\net8.0\System.Diagnostics.Tools.dll /reference:C:\Users\abdalla\.nuget\packages\microsoft.netcore.app.ref\8.0.25\ref\net8.0\System.Diagnostics.TraceSource.dll /reference:C:\Users\abdalla\.nuget\packages\microsoft.netcore.app.ref\8.0.25\ref\net8.0\System.Diagnostics.Tracing.dll /reference:C:\Users\abdalla\.nuget\packages\microsoft.windowsdesktop.app.ref\8.0.25\ref\net8.0\System.DirectoryServices.dll /reference:C:\Users\abdalla\.nuget\packages\microsoft.netcore.app.ref\8.0.25\ref\net8.0\System.dll /reference:C:\Users\abdalla\.nuget\packages\microsoft.netcore.app.ref\8.0.25\ref\net8.0\System.Drawing.dll /reference:C:\Users\abdalla\.nuget\packages\microsoft.netcore.app.ref\8.0.25\ref\net8.0\System.Drawing.Primitives.dll /reference:C:\Users\abdalla\.nuget\packages\microsoft.netcore.app.ref\8.0.25\ref\net8.0\System.Dynamic.Runtime.dll /reference:C:\Users\abdalla\.nuget\packages\microsoft.netcore.app.ref\8.0.25\ref\net8.0\System.Formats.Asn1.dll /reference:C:\Users\abdalla\.nuget\packages\microsoft.netcore.app.ref\8.0.25\ref\net8.0\System.Formats.Tar.dll /reference:C:\Users\abdalla\.nuget\packages\microsoft.netcore.app.ref\8.0.25\ref\net8.0\System.Globalization.Calendars.dll /reference:C:\Users\abdalla\.nuget\packages\microsoft.netcore.app.ref\8.0.25\ref\net8.0\System.Globalization.dll /reference:C:\Users\abdalla\.nuget\packages\microsoft.netcore.app.ref\8.0.25\ref\net8.0\System.Globalization.Extensions.dll /reference:C:\Users\abdalla\.nuget\packages\microsoft.netcore.app.ref\8.0.25\ref\net8.0\System.IO.Compression.Brotli.dll /reference:C:\Users\abdalla\.nuget\packages\microsoft.netcore.app.ref\8.0.25\ref\net8.0\System.IO.Compression.dll /reference:C:\Users\abdalla\.nuget\packages\microsoft.netcore.app.ref\8.0.25\ref\net8.0\System.IO.Compression.FileSystem.dll /reference:C:\Users\abdalla\.nuget\packages\microsoft.netcore.app.ref\8.0.25\ref\net8.0\System.IO.Compression.ZipFile.dll /reference:C:\Users\abdalla\.nuget\packages\microsoft.netcore.app.ref\8.0.25\ref\net8.0\System.IO.dll /reference:C:\Users\abdalla\.nuget\packages\microsoft.netcore.app.ref\8.0.25\ref\net8.0\System.IO.FileSystem.AccessControl.dll /reference:C:\Users\abdalla\.nuget\packages\microsoft.netcore.app.ref\8.0.25\ref\net8.0\System.IO.FileSystem.dll /reference:C:\Users\abdalla\.nuget\packages\microsoft.netcore.app.ref\8.0.25\ref\net8.0\System.IO.FileSystem.DriveInfo.dll /reference:C:\Users\abdalla\.nuget\packages\microsoft.netcore.app.ref\8.0.25\ref\net8.0\System.IO.FileSystem.Primitives.dll /reference:C:\Users\abdalla\.nuget\packages\microsoft.netcore.app.ref\8.0.25\ref\net8.0\System.IO.FileSystem.Watcher.dll /reference:C:\Users\abdalla\.nuget\packages\microsoft.netcore.app.ref\8.0.25\ref\net8.0\System.IO.IsolatedStorage.dll /reference:C:\Users\abdalla\.nuget\packages\microsoft.netcore.app.ref\8.0.25\ref\net8.0\System.IO.MemoryMappedFiles.dll /reference:C:\Users\abdalla\.nuget\packages\microsoft.windowsdesktop.app.ref\8.0.25\ref\net8.0\System.IO.Packaging.dll /reference:C:\Users\abdalla\.nuget\packages\microsoft.netcore.app.ref\8.0.25\ref\net8.0\System.IO.Pipes.AccessControl.dll /reference:C:\Users\abdalla\.nuget\packages\microsoft.netcore.app.ref\8.0.25\ref\net8.0\System.IO.Pipes.dll /reference:C:\Users\abdalla\.nuget\packages\microsoft.netcore.app.ref\8.0.25\ref\net8.0\System.IO.UnmanagedMemoryStream.dll /reference:C:\Users\abdalla\.nuget\packages\microsoft.netcore.app.ref\8.0.25\ref\net8.0\System.Linq.dll /reference:C:\Users\abdalla\.nuget\packages\microsoft.netcore.app.ref\8.0.25\ref\net8.0\System.Linq.Expressions.dll /reference:C:\Users\abdalla\.nuget\packages\microsoft.netcore.app.ref\8.0.25\ref\net8.0\System.Linq.Parallel.dll /reference:C:\Users\abdalla\.nuget\packages\microsoft.netcore.app.ref\8.0.25\ref\net8.0\System.Linq.Queryable.dll /reference:C:\Users\abdalla\.nuget\packages\microsoft.netcore.app.ref\8.0.25\ref\net8.0\System.Memory.dll /reference:C:\Users\abdalla\.nuget\packages\microsoft.netcore.app.ref\8.0.25\ref\net8.0\System.Net.dll /reference:C:\Users\abdalla\.nuget\packages\microsoft.netcore.app.ref\8.0.25\ref\net8.0\System.Net.Http.dll /reference:C:\Users\abdalla\.nuget\packages\microsoft.netcore.app.ref\8.0.25\ref\net8.0\System.Net.Http.Json.dll /reference:C:\Users\abdalla\.nuget\packages\microsoft.netcore.app.ref\8.0.25\ref\net8.0\System.Net.HttpListener.dll /reference:C:\Users\abdalla\.nuget\packages\microsoft.netcore.app.ref\8.0.25\ref\net8.0\System.Net.Mail.dll /reference:C:\Users\abdalla\.nuget\packages\microsoft.netcore.app.ref\8.0.25\ref\net8.0\System.Net.NameResolution.dll /reference:C:\Users\abdalla\.nuget\packages\microsoft.netcore.app.ref\8.0.25\ref\net8.0\System.Net.NetworkInformation.dll /reference:C:\Users\abdalla\.nuget\packages\microsoft.netcore.app.ref\8.0.25\ref\net8.0\System.Net.Ping.dll /reference:C:\Users\abdalla\.nuget\packages\microsoft.netcore.app.ref\8.0.25\ref\net8.0\System.Net.Primitives.dll /reference:C:\Users\abdalla\.nuget\packages\microsoft.netcore.app.ref\8.0.25\ref\net8.0\System.Net.Quic.dll /reference:C:\Users\abdalla\.nuget\packages\microsoft.netcore.app.ref\8.0.25\ref\net8.0\System.Net.Requests.dll /reference:C:\Users\abdalla\.nuget\packages\microsoft.netcore.app.ref\8.0.25\ref\net8.0\System.Net.Security.dll /reference:C:\Users\abdalla\.nuget\packages\microsoft.netcore.app.ref\8.0.25\ref\net8.0\System.Net.ServicePoint.dll /reference:C:\Users\abdalla\.nuget\packages\microsoft.netcore.app.ref\8.0.25\ref\net8.0\System.Net.Sockets.dll /reference:C:\Users\abdalla\.nuget\packages\microsoft.netcore.app.ref\8.0.25\ref\net8.0\System.Net.WebClient.dll /reference:C:\Users\abdalla\.nuget\packages\microsoft.netcore.app.ref\8.0.25\ref\net8.0\System.Net.WebHeaderCollection.dll /reference:C:\Users\abdalla\.nuget\packages\microsoft.netcore.app.ref\8.0.25\ref\net8.0\System.Net.WebProxy.dll /reference:C:\Users\abdalla\.nuget\packages\microsoft.netcore.app.ref\8.0.25\ref\net8.0\System.Net.WebSockets.Client.dll /reference:C:\Users\abdalla\.nuget\packages\microsoft.netcore.app.ref\8.0.25\ref\net8.0\System.Net.WebSockets.dll /reference:C:\Users\abdalla\.nuget\packages\microsoft.netcore.app.ref\8.0.25\ref\net8.0\System.Numerics.dll /reference:C:\Users\abdalla\.nuget\packages\microsoft.netcore.app.ref\8.0.25\ref\net8.0\System.Numerics.Vectors.dll /reference:C:\Users\abdalla\.nuget\packages\microsoft.netcore.app.ref\8.0.25\ref\net8.0\System.ObjectModel.dll /reference:C:\Users\abdalla\.nuget\packages\microsoft.windowsdesktop.app.ref\8.0.25\ref\net8.0\System.Printing.dll /reference:C:\Users\abdalla\.nuget\packages\microsoft.netcore.app.ref\8.0.25\ref\net8.0\System.Reflection.DispatchProxy.dll /reference:C:\Users\abdalla\.nuget\packages\microsoft.netcore.app.ref\8.0.25\ref\net8.0\System.Reflection.dll /reference:C:\Users\abdalla\.nuget\packages\microsoft.netcore.app.ref\8.0.25\ref\net8.0\System.Reflection.Emit.dll /reference:C:\Users\abdalla\.nuget\packages\microsoft.netcore.app.ref\8.0.25\ref\net8.0\System.Reflection.Emit.ILGeneration.dll /reference:C:\Users\abdalla\.nuget\packages\microsoft.netcore.app.ref\8.0.25\ref\net8.0\System.Reflection.Emit.Lightweight.dll /reference:C:\Users\abdalla\.nuget\packages\microsoft.netcore.app.ref\8.0.25\ref\net8.0\System.Reflection.Extensions.dll /reference:C:\Users\abdalla\.nuget\packages\microsoft.netcore.app.ref\8.0.25\ref\net8.0\System.Reflection.Metadata.dll /reference:C:\Users\abdalla\.nuget\packages\microsoft.netcore.app.ref\8.0.25\ref\net8.0\System.Reflection.Primitives.dll /reference:C:\Users\abdalla\.nuget\packages\microsoft.netcore.app.ref\8.0.25\ref\net8.0\System.Reflection.TypeExtensions.dll /reference:C:\Users\abdalla\.nuget\packages\microsoft.windowsdesktop.app.ref\8.0.25\ref\net8.0\System.Resources.Extensions.dll /reference:C:\Users\abdalla\.nuget\packages\microsoft.netcore.app.ref\8.0.25\ref\net8.0\System.Resources.Reader.dll /reference:C:\Users\abdalla\.nuget\packages\microsoft.netcore.app.ref\8.0.25\ref\net8.0\System.Resources.ResourceManager.dll /reference:C:\Users\abdalla\.nuget\packages\microsoft.netcore.app.ref\8.0.25\ref\net8.0\System.Resources.Writer.dll /reference:C:\Users\abdalla\.nuget\packages\microsoft.netcore.app.ref\8.0.25\ref\net8.0\System.Runtime.CompilerServices.Unsafe.dll /reference:C:\Users\abdalla\.nuget\packages\microsoft.netcore.app.ref\8.0.25\ref\net8.0\System.Runtime.CompilerServices.VisualC.dll /reference:C:\Users\abdalla\.nuget\packages\microsoft.netcore.app.ref\8.0.25\ref\net8.0\System.Runtime.dll /reference:C:\Users\abdalla\.nuget\packages\microsoft.netcore.app.ref\8.0.25\ref\net8.0\System.Runtime.Extensions.dll /reference:C:\Users\abdalla\.nuget\packages\microsoft.netcore.app.ref\8.0.25\ref\net8.0\System.Runtime.Handles.dll /reference:C:\Users\abdalla\.nuget\packages\microsoft.netcore.app.ref\8.0.25\ref\net8.0\System.Runtime.InteropServices.dll /reference:C:\Users\abdalla\.nuget\packages\microsoft.netcore.app.ref\8.0.25\ref\net8.0\System.Runtime.InteropServices.JavaScript.dll /reference:C:\Users\abdalla\.nuget\packages\microsoft.netcore.app.ref\8.0.25\ref\net8.0\System.Runtime.InteropServices.RuntimeInformation.dll /reference:C:\Users\abdalla\.nuget\packages\microsoft.netcore.app.ref\8.0.25\ref\net8.0\System.Runtime.Intrinsics.dll /reference:C:\Users\abdalla\.nuget\packages\microsoft.netcore.app.ref\8.0.25\ref\net8.0\System.Runtime.Loader.dll /reference:C:\Users\abdalla\.nuget\packages\microsoft.netcore.app.ref\8.0.25\ref\net8.0\System.Runtime.Numerics.dll /reference:C:\Users\abdalla\.nuget\packages\microsoft.netcore.app.ref\8.0.25\ref\net8.0\System.Runtime.Serialization.dll /reference:C:\Users\abdalla\.nuget\packages\microsoft.netcore.app.ref\8.0.25\ref\net8.0\System.Runtime.Serialization.Formatters.dll /reference:C:\Users\abdalla\.nuget\packages\microsoft.netcore.app.ref\8.0.25\ref\net8.0\System.Runtime.Serialization.Json.dll /reference:C:\Users\abdalla\.nuget\packages\microsoft.netcore.app.ref\8.0.25\ref\net8.0\System.Runtime.Serialization.Primitives.dll /reference:C:\Users\abdalla\.nuget\packages\microsoft.netcore.app.ref\8.0.25\ref\net8.0\System.Runtime.Serialization.Xml.dll /reference:C:\Users\abdalla\.nuget\packages\microsoft.netcore.app.ref\8.0.25\ref\net8.0\System.Security.AccessControl.dll /reference:C:\Users\abdalla\.nuget\packages\microsoft.netcore.app.ref\8.0.25\ref\net8.0\System.Security.Claims.dll /reference:C:\Users\abdalla\.nuget\packages\microsoft.netcore.app.ref\8.0.25\ref\net8.0\System.Security.Cryptography.Algorithms.dll /reference:C:\Users\abdalla\.nuget\packages\microsoft.netcore.app.ref\8.0.25\ref\net8.0\System.Security.Cryptography.Cng.dll /reference:C:\Users\abdalla\.nuget\packages\microsoft.netcore.app.ref\8.0.25\ref\net8.0\System.Security.Cryptography.Csp.dll /reference:C:\Users\abdalla\.nuget\packages\microsoft.netcore.app.ref\8.0.25\ref\net8.0\System.Security.Cryptography.dll /reference:C:\Users\abdalla\.nuget\packages\microsoft.netcore.app.ref\8.0.25\ref\net8.0\System.Security.Cryptography.Encoding.dll /reference:C:\Users\abdalla\.nuget\packages\microsoft.netcore.app.ref\8.0.25\ref\net8.0\System.Security.Cryptography.OpenSsl.dll /reference:C:\Users\abdalla\.nuget\packages\microsoft.windowsdesktop.app.ref\8.0.25\ref\net8.0\System.Security.Cryptography.Pkcs.dll /reference:C:\Users\abdalla\.nuget\packages\microsoft.netcore.app.ref\8.0.25\ref\net8.0\System.Security.Cryptography.Primitives.dll /reference:C:\Users\abdalla\.nuget\packages\microsoft.windowsdesktop.app.ref\8.0.25\ref\net8.0\System.Security.Cryptography.ProtectedData.dll /reference:C:\Users\abdalla\.nuget\packages\microsoft.netcore.app.ref\8.0.25\ref\net8.0\System.Security.Cryptography.X509Certificates.dll /reference:C:\Users\abdalla\.nuget\packages\microsoft.windowsdesktop.app.ref\8.0.25\ref\net8.0\System.Security.Cryptography.Xml.dll /reference:C:\Users\abdalla\.nuget\packages\microsoft.netcore.app.ref\8.0.25\ref\net8.0\System.Security.dll /reference:C:\Users\abdalla\.nuget\packages\microsoft.windowsdesktop.app.ref\8.0.25\ref\net8.0\System.Security.Permissions.dll /reference:C:\Users\abdalla\.nuget\packages\microsoft.netcore.app.ref\8.0.25\ref\net8.0\System.Security.Principal.dll /reference:C:\Users\abdalla\.nuget\packages\microsoft.netcore.app.ref\8.0.25\ref\net8.0\System.Security.Principal.Windows.dll /reference:C:\Users\abdalla\.nuget\packages\microsoft.netcore.app.ref\8.0.25\ref\net8.0\System.Security.SecureString.dll /reference:C:\Users\abdalla\.nuget\packages\microsoft.netcore.app.ref\8.0.25\ref\net8.0\System.ServiceModel.Web.dll /reference:C:\Users\abdalla\.nuget\packages\microsoft.netcore.app.ref\8.0.25\ref\net8.0\System.ServiceProcess.dll /reference:C:\Users\abdalla\.nuget\packages\microsoft.netcore.app.ref\8.0.25\ref\net8.0\System.Text.Encoding.CodePages.dll /reference:C:\Users\abdalla\.nuget\packages\microsoft.netcore.app.ref\8.0.25\ref\net8.0\System.Text.Encoding.dll /reference:C:\Users\abdalla\.nuget\packages\microsoft.netcore.app.ref\8.0.25\ref\net8.0\System.Text.Encoding.Extensions.dll /reference:C:\Users\abdalla\.nuget\packages\microsoft.netcore.app.ref\8.0.25\ref\net8.0\System.Text.Encodings.Web.dll /reference:C:\Users\abdalla\.nuget\packages\microsoft.netcore.app.ref\8.0.25\ref\net8.0\System.Text.Json.dll /reference:C:\Users\abdalla\.nuget\packages\microsoft.netcore.app.ref\8.0.25\ref\net8.0\System.Text.RegularExpressions.dll /reference:C:\Users\abdalla\.nuget\packages\microsoft.windowsdesktop.app.ref\8.0.25\ref\net8.0\System.Threading.AccessControl.dll /reference:C:\Users\abdalla\.nuget\packages\microsoft.netcore.app.ref\8.0.25\ref\net8.0\System.Threading.Channels.dll /reference:C:\Users\abdalla\.nuget\packages\microsoft.netcore.app.ref\8.0.25\ref\net8.0\System.Threading.dll /reference:C:\Users\abdalla\.nuget\packages\microsoft.netcore.app.ref\8.0.25\ref\net8.0\System.Threading.Overlapped.dll /reference:C:\Users\abdalla\.nuget\packages\microsoft.netcore.app.ref\8.0.25\ref\net8.0\System.Threading.Tasks.Dataflow.dll /reference:C:\Users\abdalla\.nuget\packages\microsoft.netcore.app.ref\8.0.25\ref\net8.0\System.Threading.Tasks.dll /reference:C:\Users\abdalla\.nuget\packages\microsoft.netcore.app.ref\8.0.25\ref\net8.0\System.Threading.Tasks.Extensions.dll /reference:C:\Users\abdalla\.nuget\packages\microsoft.netcore.app.ref\8.0.25\ref\net8.0\System.Threading.Tasks.Parallel.dll /reference:C:\Users\abdalla\.nuget\packages\microsoft.netcore.app.ref\8.0.25\ref\net8.0\System.Threading.Thread.dll /reference:C:\Users\abdalla\.nuget\packages\microsoft.netcore.app.ref\8.0.25\ref\net8.0\System.Threading.ThreadPool.dll /reference:C:\Users\abdalla\.nuget\packages\microsoft.netcore.app.ref\8.0.25\ref\net8.0\System.Threading.Timer.dll /reference:C:\Users\abdalla\.nuget\packages\microsoft.netcore.app.ref\8.0.25\ref\net8.0\System.Transactions.dll /reference:C:\Users\abdalla\.nuget\packages\microsoft.netcore.app.ref\8.0.25\ref\net8.0\System.Transactions.Local.dll /reference:C:\Users\abdalla\.nuget\packages\microsoft.netcore.app.ref\8.0.25\ref\net8.0\System.ValueTuple.dll /reference:C:\Users\abdalla\.nuget\packages\microsoft.netcore.app.ref\8.0.25\ref\net8.0\System.Web.dll /reference:C:\Users\abdalla\.nuget\packages\microsoft.netcore.app.ref\8.0.25\ref\net8.0\System.Web.HttpUtility.dll /reference:C:\Users\abdalla\.nuget\packages\microsoft.windowsdesktop.app.ref\8.0.25\ref\net8.0\System.Windows.Controls.Ribbon.dll /reference:C:\Users\abdalla\.nuget\packages\microsoft.netcore.app.ref\8.0.25\ref\net8.0\System.Windows.dll /reference:C:\Users\abdalla\.nuget\packages\microsoft.windowsdesktop.app.ref\8.0.25\ref\net8.0\System.Windows.Extensions.dll /reference:C:\Users\abdalla\.nuget\packages\microsoft.windowsdesktop.app.ref\8.0.25\ref\net8.0\System.Windows.Input.Manipulations.dll /reference:C:\Users\abdalla\.nuget\packages\microsoft.windowsdesktop.app.ref\8.0.25\ref\net8.0\System.Windows.Presentation.dll /reference:C:\Users\abdalla\.nuget\packages\microsoft.windowsdesktop.app.ref\8.0.25\ref\net8.0\System.Xaml.dll /reference:C:\Users\abdalla\.nuget\packages\microsoft.netcore.app.ref\8.0.25\ref\net8.0\System.Xml.dll /reference:C:\Users\abdalla\.nuget\packages\microsoft.netcore.app.ref\8.0.25\ref\net8.0\System.Xml.Linq.dll /reference:C:\Users\abdalla\.nuget\packages\microsoft.netcore.app.ref\8.0.25\ref\net8.0\System.Xml.ReaderWriter.dll /reference:C:\Users\abdalla\.nuget\packages\microsoft.netcore.app.ref\8.0.25\ref\net8.0\System.Xml.Serialization.dll /reference:C:\Users\abdalla\.nuget\packages\microsoft.netcore.app.ref\8.0.25\ref\net8.0\System.Xml.XDocument.dll /reference:C:\Users\abdalla\.nuget\packages\microsoft.netcore.app.ref\8.0.25\ref\net8.0\System.Xml.XmlDocument.dll /reference:C:\Users\abdalla\.nuget\packages\microsoft.netcore.app.ref\8.0.25\ref\net8.0\System.Xml.XmlSerializer.dll /reference:C:\Users\abdalla\.nuget\packages\microsoft.netcore.app.ref\8.0.25\ref\net8.0\System.Xml.XPath.dll /reference:C:\Users\abdalla\.nuget\packages\microsoft.netcore.app.ref\8.0.25\ref\net8.0\System.Xml.XPath.XDocument.dll /reference:C:\Users\abdalla\.nuget\packages\microsoft.windowsdesktop.app.ref\8.0.25\ref\net8.0\UIAutomationClient.dll /reference:C:\Users\abdalla\.nuget\packages\microsoft.windowsdesktop.app.ref\8.0.25\ref\net8.0\UIAutomationClientSideProviders.dll /reference:C:\Users\abdalla\.nuget\packages\microsoft.windowsdesktop.app.ref\8.0.25\ref\net8.0\UIAutomationProvider.dll /reference:C:\Users\abdalla\.nuget\packages\microsoft.windowsdesktop.app.ref\8.0.25\ref\net8.0\UIAutomationTypes.dll /reference:C:\Users\abdalla\.nuget\packages\microsoft.windowsdesktop.app.ref\8.0.25\ref\net8.0\WindowsBase.dll /debug+ /debug:portable /filealign:512 /optimize- /out:obj\Debug\net8.0-windows\FitnessTracker.dll /refout:obj\Debug\net8.0-windows\refint\FitnessTracker.dll /target:winexe /warnaserror- /utf8output /win32icon:Assets\app.ico /deterministic+ /sourcelink:obj\Debug\net8.0-windows\FitnessTracker_kxmkq5fg_wpftmp.sourcelink.json /langversion:12.0 /embed:C:\Users\abdalla\Desktop\Fitness-tracker\obj\Debug\net8.0-windows\MainWindow.g.cs /embed:C:\Users\abdalla\Desktop\Fitness-tracker\obj\Debug\net8.0-windows\Views\AdminDashboardView.g.cs /embed:C:\Users\abdalla\Desktop\Fitness-tracker\obj\Debug\net8.0-windows\Views\AdminPlaceholderView.g.cs /embed:C:\Users\abdalla\Desktop\Fitness-tracker\obj\Debug\net8.0-windows\Views\DashboardHomeView.g.cs /embed:C:\Users\abdalla\Desktop\Fitness-tracker\obj\Debug\net8.0-windows\Views\ExerciseLogView.g.cs /embed:C:\Users\abdalla\Desktop\Fitness-tracker\obj\Debug\net8.0-windows\Views\GoalsView.g.cs /embed:C:\Users\abdalla\Desktop\Fitness-tracker\obj\Debug\net8.0-windows\Views\HealthMetricsView.g.cs /embed:C:\Users\abdalla\Desktop\Fitness-tracker\obj\Debug\net8.0-windows\Views\LoginPage.g.cs /embed:C:\Users\abdalla\Desktop\Fitness-tracker\obj\Debug\net8.0-windows\Views\ManageUsersView.g.cs /embed:C:\Users\abdalla\Desktop\Fitness-tracker\obj\Debug\net8.0-windows\Views\MealsView.g.cs /embed:C:\Users\abdalla\Desktop\Fitness-tracker\obj\Debug\net8.0-windows\Views\UserProfileView.g.cs /embed:C:\Users\abdalla\Desktop\Fitness-tracker\obj\Debug\net8.0-windows\App.g.cs /embed:C:\Users\abdalla\Desktop\Fitness-tracker\obj\Debug\net8.0-windows\FitnessTracker_Content.g.cs /embed:C:\Users\abdalla\Desktop\Fitness-tracker\obj\Debug\net8.0-windows\GeneratedInternalTypeHelper.g.cs /embed:"obj\Debug\net8.0-windows\.NETCoreApp,Version=v8.0.AssemblyAttributes.cs" /embed:obj\Debug\net8.0-windows\FitnessTracker_kxmkq5fg_wpftmp.AssemblyInfo.cs /embed:obj\Debug\net8.0-windows\FitnessTracker_kxmkq5fg_wpftmp.GlobalUsings.g.cs /analyzerconfig:obj\Debug\net8.0-windows\FitnessTracker_kxmkq5fg_wpftmp.GeneratedMSBuildEditorConfig.editorconfig /analyzerconfig:"C:\Program Files\dotnet\sdk\10.0.201\Sdks\Microsoft.NET.Sdk\analyzers\build\config\analysislevel_8_default.globalconfig" /analyzer:"C:\Program Files\dotnet\sdk\10.0.201\Sdks\Microsoft.NET.Sdk\targets\..\analyzers\Microsoft.CodeAnalysis.CSharp.NetAnalyzers.dll" /analyzer:"C:\Program Files\dotnet\sdk\10.0.201\Sdks\Microsoft.NET.Sdk\targets\..\analyzers\Microsoft.CodeAnalysis.NetAnalyzers.dll" /analyzer:C:\Users\abdalla\.nuget\packages\microsoft.netcore.app.ref\8.0.25\analyzers/dotnet/cs/Microsoft.Interop.ComInterfaceGenerator.dll /analyzer:C:\Users\abdalla\.nuget\packages\microsoft.netcore.app.ref\8.0.25\analyzers/dotnet/cs/Microsoft.Interop.JavaScript.JSImportGenerator.dll /analyzer:C:\Users\abdalla\.nuget\packages\microsoft.netcore.app.ref\8.0.25\analyzers/dotnet/cs/Microsoft.Interop.LibraryImportGenerator.dll /analyzer:C:\Users\abdalla\.nuget\packages\microsoft.netcore.app.ref\8.0.25\analyzers/dotnet/cs/Microsoft.Interop.SourceGeneration.dll /analyzer:C:\Users\abdalla\.nuget\packages\microsoft.netcore.app.ref\8.0.25\analyzers/dotnet/cs/System.Text.Json.SourceGeneration.dll /analyzer:C:\Users\abdalla\.nuget\packages\microsoft.netcore.app.ref\8.0.25\analyzers/dotnet/cs/System.Text.RegularExpressions.Generator.dll AdminUserDialogs.cs AppSession.cs Converters\HexToBrushConverter.cs Converters\InverseBoolToVisibilityConverter.cs Converters\NavKeyActiveMultiConverter.cs Data\SampleDataStore.cs EntryDialogs.cs Helpers\PasswordBoxAssistant.cs Helpers\RadialProgressHelper.cs MainWindow.xaml.cs Models\FitnessModels.cs UserRecord.cs ViewModels\AdminDashboardViewModel.cs ViewModels\AdminPlaceholderViewModel.cs ViewModels\DashboardHomeViewModel.cs ViewModels\ExerciseLogViewModel.cs ViewModels\GoalsViewModel.cs ViewModels\HealthMetricItemVm.cs ViewModels\HealthMetricsViewModel.cs ViewModels\LoginPageViewModel.cs ViewModels\MainWindowViewModel.cs ViewModels\ManageUsersViewModel.cs ViewModels\MealsViewModel.cs ViewModels\RelayCommand.cs ViewModels\SidebarNavItemVm.cs ViewModels\UserProfileViewModel.cs ViewModels\ViewModelBase.cs Views\AdminDashboardView.xaml.cs Views\AdminPlaceholderView.xaml.cs Views\DashboardHomeView.xaml.cs Views\ExerciseLogView.xaml.cs Views\GoalsView.xaml.cs Views\HealthMetricsView.xaml.cs Views\LoginPage.xaml.cs Views\ManageUsersView.xaml.cs Views\MealsView.xaml.cs Views\UserProfileView.xaml.cs C:\Users\abdalla\Desktop\Fitness-tracker\obj\Debug\net8.0-windows\MainWindow.g.cs C:\Users\abdalla\Desktop\Fitness-tracker\obj\Debug\net8.0-windows\Views\AdminDashboardView.g.cs C:\Users\abdalla\Desktop\Fitness-tracker\obj\Debug\net8.0-windows\Views\AdminPlaceholderView.g.cs C:\Users\abdalla\Desktop\Fitness-tracker\obj\Debug\net8.0-windows\Views\DashboardHomeView.g.cs C:\Users\abdalla\Desktop\Fitness-tracker\obj\Debug\net8.0-windows\Views\ExerciseLogView.g.cs C:\Users\abdalla\Desktop\Fitness-tracker\obj\Debug\net8.0-windows\Views\GoalsView.g.cs C:\Users\abdalla\Desktop\Fitness-tracker\obj\Debug\net8.0-windows\Views\HealthMetricsView.g.cs C:\Users\abdalla\Desktop\Fitness-tracker\obj\Debug\net8.0-windows\Views\LoginPage.g.cs C:\Users\abdalla\Desktop\Fitness-tracker\obj\Debug\net8.0-windows\Views\ManageUsersView.g.cs C:\Users\abdalla\Desktop\Fitness-tracker\obj\Debug\net8.0-windows\Views\MealsView.g.cs C:\Users\abdalla\Desktop\Fitness-tracker\obj\Debug\net8.0-windows\Views\UserProfileView.g.cs C:\Users\abdalla\Desktop\Fitness-tracker\obj\Debug\net8.0-windows\App.g.cs C:\Users\abdalla\Desktop\Fitness-tracker\obj\Debug\net8.0-windows\FitnessTracker_Content.g.cs C:\Users\abdalla\Desktop\Fitness-tracker\obj\Debug\net8.0-windows\GeneratedInternalTypeHelper.g.cs "obj\Debug\net8.0-windows\.NETCoreApp,Version=v8.0.AssemblyAttributes.cs" obj\Debug\net8.0-windows\FitnessTracker_kxmkq5fg_wpftmp.AssemblyInfo.cs obj\Debug\net8.0-windows\FitnessTracker_kxmkq5fg_wpftmp.GlobalUsings.g.cs /warnaserror+:NU1605,SYSLIB0011'
         Attempt to open named pipe 'bQlntVmTeMrGjKYwJACfWnBHxRi+XsJESD_FNqnqkuI'
         Attempt to connect named pipe 'bQlntVmTeMrGjKYwJACfWnBHxRi+XsJESD_FNqnqkuI'
         Named pipe 'bQlntVmTeMrGjKYwJACfWnBHxRi+XsJESD_FNqnqkuI' connected
         Begin writing request for FitnessTracker_kxmkq5fg_wpftmp (net8.0-windows)
         End writing request for FitnessTracker_kxmkq5fg_wpftmp (net8.0-windows)
         Begin reading response for FitnessTracker_kxmkq5fg_wpftmp (net8.0-windows)
         End reading response for FitnessTracker_kxmkq5fg_wpftmp (net8.0-windows)
     2>C:\Users\abdalla\Desktop\Fitness-tracker\Views\DashboardHomeView.xaml.cs(19,48): error CS0103: The name 'ProgressArc' does not exist in the current context [C:\Users\abdalla\Desktop\Fitness-tracker\FitnessTracker_kxmkq5fg_wpftmp.csproj]
         CompilerServer: server - server processed compilation - FitnessTracker_kxmkq5fg_wpftmp (net8.0-windows)
     2>Done Building Project "C:\Users\abdalla\Desktop\Fitness-tracker\FitnessTracker_kxmkq5fg_wpftmp.csproj" (_CompileTemporaryAssembly target(s)) -- FAILED.
     1>Done Building Project "C:\Users\abdalla\Desktop\Fitness-tracker\FitnessTracker.csproj" (default targets) -- FAILED.

Build FAILED.

       "C:\Users\abdalla\Desktop\Fitness-tracker\FitnessTracker.csproj" (Restore target) (1) ->
       (Restore target) -> 
         C:\Users\abdalla\Desktop\Fitness-tracker\FitnessTracker.csproj : warning NU1701: Package 'OpenTK 3.3.1' was restored using '.NETFramework,Version=v4.6.1, .NETFramework,Version=v4.6.2, .NETFramework,Version=v4.7, .NETFramework,Version=v4.7.1, .NETFramework,Version=v4.7.2, .NETFramework,Version=v4.8, .NETFramework,Version=v4.8.1' instead of the project target framework 'net8.0-windows7.0'. This package may not be fully compatible with your project.
         C:\Users\abdalla\Desktop\Fitness-tracker\FitnessTracker.csproj : warning NU1701: Package 'OpenTK.GLWpfControl 3.3.0' was restored using '.NETFramework,Version=v4.6.1, .NETFramework,Version=v4.6.2, .NETFramework,Version=v4.7, .NETFramework,Version=v4.7.1, .NETFramework,Version=v4.7.2, .NETFramework,Version=v4.8, .NETFramework,Version=v4.8.1' instead of the project target framework 'net8.0-windows7.0'. This package may not be fully compatible with your project.
         C:\Users\abdalla\Desktop\Fitness-tracker\FitnessTracker.csproj : warning NU1701: Package 'SkiaSharp.Views.WPF 3.119.0' was restored using '.NETFramework,Version=v4.6.1, .NETFramework,Version=v4.6.2, .NETFramework,Version=v4.7, .NETFramework,Version=v4.7.1, .NETFramework,Version=v4.7.2, .NETFramework,Version=v4.8, .NETFramework,Version=v4.8.1' instead of the project target framework 'net8.0-windows7.0'. This package may not be fully compatible with your project.


       "C:\Users\abdalla\Desktop\Fitness-tracker\FitnessTracker.csproj" (default target) (1:7) ->
       (ResolvePackageAssets target) -> 
         C:\Users\abdalla\Desktop\Fitness-tracker\FitnessTracker.csproj : warning NU1701: Package 'OpenTK 3.3.1' was restored using '.NETFramework,Version=v4.6.1, .NETFramework,Version=v4.6.2, .NETFramework,Version=v4.7, .NETFramework,Version=v4.7.1, .NETFramework,Version=v4.7.2, .NETFramework,Version=v4.8, .NETFramework,Version=v4.8.1' instead of the project target framework 'net8.0-windows7.0'. This package may not be fully compatible with your project.
         C:\Users\abdalla\Desktop\Fitness-tracker\FitnessTracker.csproj : warning NU1701: Package 'OpenTK.GLWpfControl 3.3.0' was restored using '.NETFramework,Version=v4.6.1, .NETFramework,Version=v4.6.2, .NETFramework,Version=v4.7, .NETFramework,Version=v4.7.1, .NETFramework,Version=v4.7.2, .NETFramework,Version=v4.8, .NETFramework,Version=v4.8.1' instead of the project target framework 'net8.0-windows7.0'. This package may not be fully compatible with your project.
         C:\Users\abdalla\Desktop\Fitness-tracker\FitnessTracker.csproj : warning NU1701: Package 'SkiaSharp.Views.WPF 3.119.0' was restored using '.NETFramework,Version=v4.6.1, .NETFramework,Version=v4.6.2, .NETFramework,Version=v4.7, .NETFramework,Version=v4.7.1, .NETFramework,Version=v4.7.2, .NETFramework,Version=v4.8, .NETFramework,Version=v4.8.1' instead of the project target framework 'net8.0-windows7.0'. This package may not be fully compatible with your project.


       "C:\Users\abdalla\Desktop\Fitness-tracker\FitnessTracker.csproj" (default target) (1:7) ->
       "C:\Users\abdalla\Desktop\Fitness-tracker\FitnessTracker_kxmkq5fg_wpftmp.csproj" (_CompileTemporaryAssembly target) (2) ->
         C:\Users\abdalla\Desktop\Fitness-tracker\FitnessTracker_kxmkq5fg_wpftmp.csproj : warning NU1701: Package 'OpenTK 3.3.1' was restored using '.NETFramework,Version=v4.6.1, .NETFramework,Version=v4.6.2, .NETFramework,Version=v4.7, .NETFramework,Version=v4.7.1, .NETFramework,Version=v4.7.2, .NETFramework,Version=v4.8, .NETFramework,Version=v4.8.1' instead of the project target framework 'net8.0-windows7.0'. This package may not be fully compatible with your project.
         C:\Users\abdalla\Desktop\Fitness-tracker\FitnessTracker_kxmkq5fg_wpftmp.csproj : warning NU1701: Package 'OpenTK.GLWpfControl 3.3.0' was restored using '.NETFramework,Version=v4.6.1, .NETFramework,Version=v4.6.2, .NETFramework,Version=v4.7, .NETFramework,Version=v4.7.1, .NETFramework,Version=v4.7.2, .NETFramework,Version=v4.8, .NETFramework,Version=v4.8.1' instead of the project target framework 'net8.0-windows7.0'. This package may not be fully compatible with your project.
         C:\Users\abdalla\Desktop\Fitness-tracker\FitnessTracker_kxmkq5fg_wpftmp.csproj : warning NU1701: Package 'SkiaSharp.Views.WPF 3.119.0' was restored using '.NETFramework,Version=v4.6.1, .NETFramework,Version=v4.6.2, .NETFramework,Version=v4.7, .NETFramework,Version=v4.7.1, .NETFramework,Version=v4.7.2, .NETFramework,Version=v4.8, .NETFramework,Version=v4.8.1' instead of the project target framework 'net8.0-windows7.0'. This package may not be fully compatible with your project.


       "C:\Users\abdalla\Desktop\Fitness-tracker\FitnessTracker.csproj" (default target) (1:7) ->
       "C:\Users\abdalla\Desktop\Fitness-tracker\FitnessTracker_kxmkq5fg_wpftmp.csproj" (_CompileTemporaryAssembly target) (2) ->
       (CoreCompile target) -> 
         C:\Users\abdalla\Desktop\Fitness-tracker\Views\DashboardHomeView.xaml.cs(19,48): error CS0103: The name 'ProgressArc' does not exist in the current context [C:\Users\abdalla\Desktop\Fitness-tracker\FitnessTracker_kxmkq5fg_wpftmp.csproj]

    9 Warning(s)
    1 Error(s)

Time Elapsed 00:00:12.01
